<?xml version="1.0" encoding="UTF-8"?>
<TestRun id="5b02b3d0-4346-4e41-9550-683923fc5f65" name="Pitsanu.T@PC-047 2013-12-28 14:05:22" runUser="CARPASSAD\Pitsanu.T" xmlns="http://microsoft.com/schemas/VisualStudio/TeamTest/2010">
  <TestSettings name="Local" id="85137bba-d422-4c95-af3f-4e7370925841">
    <Description>These are default test settings for a local test run.</Description>
    <Deployment enabled="false" runDeploymentRoot="Pitsanu.T_PC-047 2013-12-28 14_05_22">
      <DeploymentItem filename="D:\Lab\DateTimeMergeTests\Domain\bin\Debug\Domain.dll" />
    </Deployment>
    <Execution>
      <TestTypeSpecific />
      <AgentRule name="Execution Agents">
      </AgentRule>
    </Execution>
  </TestSettings>
  <Times creation="2013-12-28T14:05:22.3377485+07:00" queuing="2013-12-28T14:05:22.3587506+07:00" start="2013-12-28T14:05:22.3627510+07:00" finish="2013-12-28T14:05:22.5097657+07:00" />
  <ResultSummary outcome="Completed">
    <Counters total="4" executed="4" passed="4" error="0" failed="0" timeout="0" aborted="0" inconclusive="0" passedButRunAborted="0" notRunnable="0" notExecuted="0" disconnected="0" warning="0" completed="0" inProgress="0" pending="0" />
  </ResultSummary>
  <TestDefinitions>
    <UnitTest name="OneNullEnddateWithNoGapReturnTwoRecord" storage="d:\lab\datetimemergetests\datetimemergetests\bin\debug\datetimemergetests.dll" id="8b9b932c-56fe-d41d-5280-a1f7619310f3">
      <Execution id="a315d4c1-a400-46f9-a385-df694ebd2092" />
      <TestMethod codeBase="D:/Lab/DateTimeMergeTests/DateTimeMergeTests/bin/Debug/DateTimeMergeTests.DLL" adapterTypeName="Microsoft.VisualStudio.TestTools.TestTypes.Unit.UnitTestAdapter, Microsoft.VisualStudio.QualityTools.Tips.UnitTest.Adapter, Version=10.0.0.0, Culture=neutral, PublicKeyToken=b03f5f7f11d50a3a" className="DateTimeMergeTests.UnitTest1, DateTimeMergeTests, Version=1.0.0.0, Culture=neutral, PublicKeyToken=null" name="OneNullEnddateWithNoGapReturnTwoRecord" />
    </UnitTest>
    <UnitTest name="BothEnddateNullReturnOneRecordStartWithEarlyEvent" storage="d:\lab\datetimemergetests\datetimemergetests\bin\debug\datetimemergetests.dll" id="dae7a121-27da-6cea-214b-241fd76d763a">
      <Execution id="cbccfaea-926c-4424-aa09-4fc6bd98eebe" />
      <TestMethod codeBase="D:/Lab/DateTimeMergeTests/DateTimeMergeTests/bin/Debug/DateTimeMergeTests.DLL" adapterTypeName="Microsoft.VisualStudio.TestTools.TestTypes.Unit.UnitTestAdapter, Microsoft.VisualStudio.QualityTools.Tips.UnitTest.Adapter, Version=10.0.0.0, Culture=neutral, PublicKeyToken=b03f5f7f11d50a3a" className="DateTimeMergeTests.UnitTest1, DateTimeMergeTests, Version=1.0.0.0, Culture=neutral, PublicKeyToken=null" name="BothEnddateNullReturnOneRecordStartWithEarlyEvent" />
    </UnitTest>
    <UnitTest name="SameDateTimeMustReturnOneRecord" storage="d:\lab\datetimemergetests\datetimemergetests\bin\debug\datetimemergetests.dll" id="bf55e196-e1b9-d577-b1cc-309fb47c7e61">
      <Execution id="7a595892-e52e-460b-aab4-6bfb6b688e7f" />
      <TestMethod codeBase="D:/Lab/DateTimeMergeTests/DateTimeMergeTests/bin/Debug/DateTimeMergeTests.DLL" adapterTypeName="Microsoft.VisualStudio.TestTools.TestTypes.Unit.UnitTestAdapter, Microsoft.VisualStudio.QualityTools.Tips.UnitTest.Adapter, Version=10.0.0.0, Culture=neutral, PublicKeyToken=b03f5f7f11d50a3a" className="DateTimeMergeTests.UnitTest1, DateTimeMergeTests, Version=1.0.0.0, Culture=neutral, PublicKeyToken=null" name="SameDateTimeMustReturnOneRecord" />
    </UnitTest>
    <UnitTest name="OneNullEnddateWithGapReturnOneRecord" storage="d:\lab\datetimemergetests\datetimemergetests\bin\debug\datetimemergetests.dll" id="7593a922-e3f3-e462-f133-271465b670a5">
      <Execution id="4b1f77a2-1eb7-46a2-af20-03a5a514ad8b" />
      <TestMethod codeBase="D:/Lab/DateTimeMergeTests/DateTimeMergeTests/bin/Debug/DateTimeMergeTests.DLL" adapterTypeName="Microsoft.VisualStudio.TestTools.TestTypes.Unit.UnitTestAdapter, Microsoft.VisualStudio.QualityTools.Tips.UnitTest.Adapter, Version=10.0.0.0, Culture=neutral, PublicKeyToken=b03f5f7f11d50a3a" className="DateTimeMergeTests.UnitTest1, DateTimeMergeTests, Version=1.0.0.0, Culture=neutral, PublicKeyToken=null" name="OneNullEnddateWithGapReturnOneRecord" />
    </UnitTest>
  </TestDefinitions>
  <TestLists>
    <TestList name="Results Not in a List" id="8c84fa94-04c1-424b-9868-57a2d4851a1d" />
    <TestList name="All Loaded Results" id="19431567-8539-422a-85d7-44ee4e166bda" />
  </TestLists>
  <TestEntries>
    <TestEntry testId="7593a922-e3f3-e462-f133-271465b670a5" executionId="4b1f77a2-1eb7-46a2-af20-03a5a514ad8b" testListId="8c84fa94-04c1-424b-9868-57a2d4851a1d" />
    <TestEntry testId="8b9b932c-56fe-d41d-5280-a1f7619310f3" executionId="a315d4c1-a400-46f9-a385-df694ebd2092" testListId="8c84fa94-04c1-424b-9868-57a2d4851a1d" />
    <TestEntry testId="bf55e196-e1b9-d577-b1cc-309fb47c7e61" executionId="7a595892-e52e-460b-aab4-6bfb6b688e7f" testListId="8c84fa94-04c1-424b-9868-57a2d4851a1d" />
    <TestEntry testId="dae7a121-27da-6cea-214b-241fd76d763a" executionId="cbccfaea-926c-4424-aa09-4fc6bd98eebe" testListId="8c84fa94-04c1-424b-9868-57a2d4851a1d" />
  </TestEntries>
  <Results>
    <UnitTestResult executionId="4b1f77a2-1eb7-46a2-af20-03a5a514ad8b" testId="7593a922-e3f3-e462-f133-271465b670a5" testName="OneNullEnddateWithGapReturnOneRecord" computerName="PC-047" duration="00:00:00.0128732" startTime="2013-12-28T14:05:22.3657513+07:00" endTime="2013-12-28T14:05:22.4887636+07:00" testType="13cdc9d9-ddb5-4fa4-a97d-d965ccfc6d4b" outcome="Passed" testListId="8c84fa94-04c1-424b-9868-57a2d4851a1d" relativeResultsDirectory="4b1f77a2-1eb7-46a2-af20-03a5a514ad8b">
      <Output>
        <StdOut>Begin [1/1/2013 12:00:00 AM], End [NULL]</StdOut>
      </Output>
    </UnitTestResult>
    <UnitTestResult executionId="a315d4c1-a400-46f9-a385-df694ebd2092" testId="8b9b932c-56fe-d41d-5280-a1f7619310f3" testName="OneNullEnddateWithNoGapReturnTwoRecord" computerName="PC-047" duration="00:00:00.0003957" startTime="2013-12-28T14:05:22.4907638+07:00" endTime="2013-12-28T14:05:22.4927640+07:00" testType="13cdc9d9-ddb5-4fa4-a97d-d965ccfc6d4b" outcome="Passed" testListId="8c84fa94-04c1-424b-9868-57a2d4851a1d" relativeResultsDirectory="a315d4c1-a400-46f9-a385-df694ebd2092">
      <Output>
        <StdOut>Begin [1/6/2013 12:00:00 AM], End [NULL]
Begin [1/3/2013 12:00:00 AM], End [1/5/2013 12:00:00 AM]</StdOut>
      </Output>
    </UnitTestResult>
    <UnitTestResult executionId="7a595892-e52e-460b-aab4-6bfb6b688e7f" testId="bf55e196-e1b9-d577-b1cc-309fb47c7e61" testName="SameDateTimeMustReturnOneRecord" computerName="PC-047" duration="00:00:00.0005978" startTime="2013-12-28T14:05:22.4937641+07:00" endTime="2013-12-28T14:05:22.4957643+07:00" testType="13cdc9d9-ddb5-4fa4-a97d-d965ccfc6d4b" outcome="Passed" testListId="8c84fa94-04c1-424b-9868-57a2d4851a1d" relativeResultsDirectory="7a595892-e52e-460b-aab4-6bfb6b688e7f">
    </UnitTestResult>
    <UnitTestResult executionId="cbccfaea-926c-4424-aa09-4fc6bd98eebe" testId="dae7a121-27da-6cea-214b-241fd76d763a" testName="BothEnddateNullReturnOneRecordStartWithEarlyEvent" computerName="PC-047" duration="00:00:00.0002976" startTime="2013-12-28T14:05:22.4977645+07:00" endTime="2013-12-28T14:05:22.4987646+07:00" testType="13cdc9d9-ddb5-4fa4-a97d-d965ccfc6d4b" outcome="Passed" testListId="8c84fa94-04c1-424b-9868-57a2d4851a1d" relativeResultsDirectory="cbccfaea-926c-4424-aa09-4fc6bd98eebe">
      <Output>
        <StdOut>Begin [1/1/2013 12:00:00 AM], End [NULL]</StdOut>
      </Output>
    </UnitTestResult>
  </Results>
</TestRun>